TIME 2022-05-23T14:32:39.085339
TEAM 0
CREATE /SmartDashboard/b WITH False AT 2022-05-23T14:32:39.085823 AS BOOLEAN
CREATE /SmartDashboard/d WITH 1.0 AT 2022-05-23T14:32:39.085848 AS DOUBLE
CREATE /SmartDashboard/s WITH 2 AT 2022-05-23T14:32:39.085859 AS STRING
CREATE /SmartDashboard/r WITH b'\x0fy\x98]Nq\xa1\x0f\xf2G\x94\x15\x1e\x12\xfc\xef\xe0\xb3\xb10!\xbd\xe1\xa6g\xc1\xae\\>\xc9\xf1\x81' AT 2022-05-23T14:32:39.085869 AS RAW
CREATE /SmartDashboard/b[] WITH (False,) AT 2022-05-23T14:32:39.085880 AS BOOLEAN_ARRAY
CREATE /SmartDashboard/d[] WITH (12.0,) AT 2022-05-23T14:32:39.085889 AS DOUBLE_ARRAY
CREATE /SmartDashboard/s[] WITH ('NJGLXDDXHLMYXCBHVIHFATCRT6QV4FFOTSXIZ4W7MKJRM4L4DWSZSIEG9ZAY09DQ',) AT 2022-05-23T14:32:39.085915 AS STRING_ARRAY
UPDATE /SmartDashboard/b WITH True AT 2022-05-23T14:32:39.963760 AS BOOLEAN
UPDATE /SmartDashboard/d WITH 2.0 AT 2022-05-23T14:32:39.963794 AS DOUBLE
UPDATE /SmartDashboard/s WITH 2 AT 2022-05-23T14:32:39.963812 AS STRING
UPDATE /SmartDashboard/r WITH b'f7_\xef`\xd4N(\x91$~3X\xd3!l\xa0\xc9\xc3\xb4\x95h\xa9\xc5\x9a;G\x0c\xab\xf7Z@' AT 2022-05-23T14:32:39.963829 AS RAW
UPDATE /SmartDashboard/b[] WITH (True,) AT 2022-05-23T14:32:39.963847 AS BOOLEAN_ARRAY
UPDATE /SmartDashboard/d[] WITH (10.0,) AT 2022-05-23T14:32:39.963862 AS DOUBLE_ARRAY
UPDATE /SmartDashboard/s[] WITH ('WLDJQHTI3RV4S7LBU326MDBS3L15F9W55A1QK880VSITJC88ATT530FOMZAKROGG',) AT 2022-05-23T14:32:39.963878 AS STRING_ARRAY
UPDATE /SmartDashboard/b WITH False AT 2022-05-23T14:32:40.977936 AS BOOLEAN
UPDATE /SmartDashboard/d WITH 3.0 AT 2022-05-23T14:32:40.977973 AS DOUBLE
UPDATE /SmartDashboard/s WITH 2 AT 2022-05-23T14:32:40.977990 AS STRING
UPDATE /SmartDashboard/r WITH b'\xb9\x8b\x00O\x00p\xad\xdd\xcd\x8dy)M\xfd\x1e/\xef\x97\x05X\xedm\xffl\xee\x93e\xf3\xf1\xf1\xeb5' AT 2022-05-23T14:32:40.978007 AS RAW
UPDATE /SmartDashboard/d[] WITH (13.0,) AT 2022-05-23T14:32:40.978025 AS DOUBLE_ARRAY
UPDATE /SmartDashboard/s[] WITH ('35M53BYGWJ1DDFEXQWOLEGICSZHOWSH0VB8LUI5X7XGMLQLPCFD2GY2WLBYW03J5',) AT 2022-05-23T14:32:40.978042 AS STRING_ARRAY
UPDATE /SmartDashboard/b WITH True AT 2022-05-23T14:32:41.991081 AS BOOLEAN
UPDATE /SmartDashboard/d WITH 4.0 AT 2022-05-23T14:32:41.991131 AS DOUBLE
UPDATE /SmartDashboard/s WITH 2 AT 2022-05-23T14:32:41.991158 AS STRING
UPDATE /SmartDashboard/r WITH b'\x14SP\xf35\x0fF\x92\xbde\xa7\xaeM\x82\x8e\xc6#+E\x1aq\xfb\xd8F\xaaT\xd1\xad\r\x05\xc9\\' AT 2022-05-23T14:32:41.991183 AS RAW
UPDATE /SmartDashboard/d[] WITH (28.0,) AT 2022-05-23T14:32:41.991210 AS DOUBLE_ARRAY
UPDATE /SmartDashboard/s[] WITH ('DMR2FC8AD6BLW7UEHODKHOR77CXPF0V8OMLPXF0P0R0O0G42YP8FJQ71AEK47R50',) AT 2022-05-23T14:32:41.991234 AS STRING_ARRAY
UPDATE /SmartDashboard/b WITH False AT 2022-05-23T14:32:42.952688 AS BOOLEAN
UPDATE /SmartDashboard/d WITH 5.0 AT 2022-05-23T14:32:42.952739 AS DOUBLE
UPDATE /SmartDashboard/s WITH 2 AT 2022-05-23T14:32:42.952764 AS STRING
UPDATE /SmartDashboard/r WITH b'X\xab\\5v5\xe9,\x1a\x0f\xdc\x8cO9\xec\xd4\x94SGW\xc8\x859S\xffL\xe8%\xbd\xdbi\x87' AT 2022-05-23T14:32:42.952788 AS RAW
UPDATE /SmartDashboard/d[] WITH (5.0,) AT 2022-05-23T14:32:42.952813 AS DOUBLE_ARRAY
UPDATE /SmartDashboard/s[] WITH ('BLJ64PLE1K4J796FQ6IQ320533PY4ZTJUMZMC0TBXCKZP4TUE68JZ4GFQXZ42Y74',) AT 2022-05-23T14:32:42.952837 AS STRING_ARRAY
UPDATE /SmartDashboard/b WITH True AT 2022-05-23T14:32:43.973993 AS BOOLEAN
UPDATE /SmartDashboard/d WITH 6.0 AT 2022-05-23T14:32:43.974043 AS DOUBLE
UPDATE /SmartDashboard/s WITH 2 AT 2022-05-23T14:32:43.974068 AS STRING
UPDATE /SmartDashboard/r WITH b'N0=\xd1$+\x12\x1b\x07B\x1d`\x9b\x00\xcc?\xad\x80\xaa\x1f^!Z \xde\xf7\xb2\xa43\x9e\xb7\xb5' AT 2022-05-23T14:32:43.974092 AS RAW
UPDATE /SmartDashboard/d[] WITH (20.0,) AT 2022-05-23T14:32:43.974116 AS DOUBLE_ARRAY
UPDATE /SmartDashboard/s[] WITH ('0S7F75OYAGB3MUNEKNVI74PQ0RB4Z1DVBLY1XMXGMARRYEPSSGRQ3ZIW34TT0VP7',) AT 2022-05-23T14:32:43.974140 AS STRING_ARRAY
UPDATE /SmartDashboard/b WITH False AT 2022-05-23T14:32:44.996787 AS BOOLEAN
UPDATE /SmartDashboard/d WITH 7.0 AT 2022-05-23T14:32:44.996820 AS DOUBLE
UPDATE /SmartDashboard/s WITH 2 AT 2022-05-23T14:32:44.996838 AS STRING
UPDATE /SmartDashboard/r WITH b'r\x81\x14\x05\x98\\\xb5\xf7b\x87\x90\xe2G\x18n\xa9K\x98k\xf6\xf4\xc2RA\xb4\x86!\\\xc0\x05\x06\xa7' AT 2022-05-23T14:32:44.996867 AS RAW
UPDATE /SmartDashboard/b[] WITH (False,) AT 2022-05-23T14:32:44.996884 AS BOOLEAN_ARRAY
UPDATE /SmartDashboard/d[] WITH (13.0,) AT 2022-05-23T14:32:44.996900 AS DOUBLE_ARRAY
UPDATE /SmartDashboard/s[] WITH ('75OERFLXTT7WTKIZRV3KHKAMC8YCTFX69WVD07NQNC1FFHZRD36L7ES1FUA4GBB5',) AT 2022-05-23T14:32:44.996916 AS STRING_ARRAY
UPDATE /SmartDashboard/b WITH True AT 2022-05-23T14:32:46.012306 AS BOOLEAN
UPDATE /SmartDashboard/d WITH 8.0 AT 2022-05-23T14:32:46.012341 AS DOUBLE
UPDATE /SmartDashboard/s WITH 2 AT 2022-05-23T14:32:46.012360 AS STRING
UPDATE /SmartDashboard/r WITH b'y\xc0\xc4&\xa54s\xfbd\x93Q\xb7vP\x14=a\x02x\x87BO\x18\xb0t\x83-\xdc\xa2>n\xce' AT 2022-05-23T14:32:46.012377 AS RAW
UPDATE /SmartDashboard/b[] WITH (True,) AT 2022-05-23T14:32:46.012394 AS BOOLEAN_ARRAY
UPDATE /SmartDashboard/d[] WITH (3.0,) AT 2022-05-23T14:32:46.012410 AS DOUBLE_ARRAY
UPDATE /SmartDashboard/s[] WITH ('IQJN1350AGN1QJKHIW42FKWRDE4SAR1WOWP5KFAOMJJZRB4LQIOK1NTTACFQKV1Z',) AT 2022-05-23T14:32:46.012426 AS STRING_ARRAY
UPDATE /SmartDashboard/b WITH False AT 2022-05-23T14:32:46.977237 AS BOOLEAN
UPDATE /SmartDashboard/d WITH 9.0 AT 2022-05-23T14:32:46.977289 AS DOUBLE
UPDATE /SmartDashboard/s WITH 2 AT 2022-05-23T14:32:46.977317 AS STRING
UPDATE /SmartDashboard/r WITH b'\x92\x9a\xa8\xde\x9c\x16A\x97\xb84Pi\x08\xda\n/sU\xf6\n\xfcom\xe1\xeb\x18\xe6k\x04\x0b\x90\x17' AT 2022-05-23T14:32:46.977344 AS RAW
UPDATE /SmartDashboard/d[] WITH (25.0,) AT 2022-05-23T14:32:46.977371 AS DOUBLE_ARRAY
UPDATE /SmartDashboard/s[] WITH ('B6K239RTVQ571ZBE0YO0Q688J43I9MZEJ5Z3F4DJQ3H5CNY97188TA5GLYCM7ODV',) AT 2022-05-23T14:32:46.977396 AS STRING_ARRAY
UPDATE /SmartDashboard/b WITH True AT 2022-05-23T14:32:47.990858 AS BOOLEAN
UPDATE /SmartDashboard/d WITH 10.0 AT 2022-05-23T14:32:47.990893 AS DOUBLE
UPDATE /SmartDashboard/s WITH 2 AT 2022-05-23T14:32:47.990910 AS STRING
UPDATE /SmartDashboard/r WITH b'\xed\xbb\x80\x80\xf9B\xfcN\xb2\xfe\x82\xd2*%\xf3\x05\xe4\xcce\x01\x913<\xc3.\xce\xf5z\xf4J\xcaX' AT 2022-05-23T14:32:47.990926 AS RAW
UPDATE /SmartDashboard/d[] WITH (20.0,) AT 2022-05-23T14:32:47.990943 AS DOUBLE_ARRAY
UPDATE /SmartDashboard/s[] WITH ('S3YC6HE1PQBE81TQ4GAVHAWS8Q73LTP5F1ETGKVDSE7MQO7YWNE36HJGVB63HQ23',) AT 2022-05-23T14:32:47.990959 AS STRING_ARRAY
UPDATE /SmartDashboard/b WITH False AT 2022-05-23T14:32:49.002324 AS BOOLEAN
UPDATE /SmartDashboard/d WITH 11.0 AT 2022-05-23T14:32:49.002360 AS DOUBLE
UPDATE /SmartDashboard/s WITH 2 AT 2022-05-23T14:32:49.002377 AS STRING
UPDATE /SmartDashboard/r WITH b'\x00\xe2Hz\xde\x00vM\xd7Y\xb6\xfe r\x92c\xa1WN\x9e\xcb3k9\xb8\xd7\x95\x8ce\xc7\xdd\xe8' AT 2022-05-23T14:32:49.002393 AS RAW
UPDATE /SmartDashboard/d[] WITH (12.0,) AT 2022-05-23T14:32:49.002409 AS DOUBLE_ARRAY
UPDATE /SmartDashboard/s[] WITH ('G2YU2I420OR7THGACXKGXNM0KQ80ONBVH9LP6VP9U5LBOC6FKS8PSRFSZ79V1BEI',) AT 2022-05-23T14:32:49.002425 AS STRING_ARRAY
UPDATE /SmartDashboard/b WITH True AT 2022-05-23T14:32:50.018667 AS BOOLEAN
UPDATE /SmartDashboard/d WITH 12.0 AT 2022-05-23T14:32:50.018725 AS DOUBLE
UPDATE /SmartDashboard/s WITH 2 AT 2022-05-23T14:32:50.018755 AS STRING
UPDATE /SmartDashboard/r WITH b'\xb8L\xf6m\x85B\xe9\x18\x00\x83\xcbt\x9a\x1eL\x7fhz>\xbbh\xebvZE\xe6\x83\xf9\xed\xf1\x99\xaf' AT 2022-05-23T14:32:50.018786 AS RAW
UPDATE /SmartDashboard/d[] WITH (18.0,) AT 2022-05-23T14:32:50.018820 AS DOUBLE_ARRAY
UPDATE /SmartDashboard/s[] WITH ('ZQPKHAH677Y6NNANVE3ZJ8YBIFFSKW05HXF2ESKDSVX507F2WWEN918P3HDXQH00',) AT 2022-05-23T14:32:50.018854 AS STRING_ARRAY
UPDATE /SmartDashboard/b WITH False AT 2022-05-23T14:32:51.029110 AS BOOLEAN
UPDATE /SmartDashboard/d WITH 13.0 AT 2022-05-23T14:32:51.029145 AS DOUBLE
UPDATE /SmartDashboard/s WITH 2 AT 2022-05-23T14:32:51.029163 AS STRING
UPDATE /SmartDashboard/r WITH b'y\xb2\xe3\xdf\xc1?S\xdfEd\xe4AS~\xdec\xd0\xe1\xea\xf0\xdf\xf8\x88\x96\xfd%z\x95 \xfc\xb0W' AT 2022-05-23T14:32:51.029180 AS RAW
UPDATE /SmartDashboard/b[] WITH (False,) AT 2022-05-23T14:32:51.029196 AS BOOLEAN_ARRAY
UPDATE /SmartDashboard/d[] WITH (0.0,) AT 2022-05-23T14:32:51.029212 AS DOUBLE_ARRAY
UPDATE /SmartDashboard/s[] WITH ('KAGDOXC9VD5CLK18HSZHYD8RDG9JXXSNE4533A3ONQWR7WCJ7SXWVIE7PHAXCUM7',) AT 2022-05-23T14:32:51.029228 AS STRING_ARRAY
UPDATE /SmartDashboard/b WITH True AT 2022-05-23T14:32:52.031317 AS BOOLEAN
UPDATE /SmartDashboard/d WITH 14.0 AT 2022-05-23T14:32:52.031368 AS DOUBLE
UPDATE /SmartDashboard/s WITH 2 AT 2022-05-23T14:32:52.031394 AS STRING
UPDATE /SmartDashboard/r WITH b'\xee\x99\x80j\xa5V\xa1X\xc2\xe4\xd8q\xf7M]\xe0]\x15\xef\x86\x8f\xec\xb6p:DH\xafI\xff\xc6w' AT 2022-05-23T14:32:52.031420 AS RAW
UPDATE /SmartDashboard/d[] WITH (15.0,) AT 2022-05-23T14:32:52.031445 AS DOUBLE_ARRAY
UPDATE /SmartDashboard/s[] WITH ('JRAK2OXEM5Q7R8W0S0YGCNT0AFCTMYQMERXZXONW6WMOSLVVJ3030P84XONN8DCN',) AT 2022-05-23T14:32:52.031470 AS STRING_ARRAY
UPDATE /SmartDashboard/b WITH False AT 2022-05-23T14:32:52.993645 AS BOOLEAN
UPDATE /SmartDashboard/d WITH 15.0 AT 2022-05-23T14:32:52.993708 AS DOUBLE
UPDATE /SmartDashboard/s WITH 2 AT 2022-05-23T14:32:52.993736 AS STRING
UPDATE /SmartDashboard/r WITH b"\xdc,G\xac'L\xc3\xabifZ\x8cI\x17\x1c\xc4\x1a\xaa\n\xe0\xbe'\xcaR\x1e\x80\x9a4\xa2\x7f\xae\x12" AT 2022-05-23T14:32:52.993762 AS RAW
UPDATE /SmartDashboard/b[] WITH (True,) AT 2022-05-23T14:32:52.993787 AS BOOLEAN_ARRAY
UPDATE /SmartDashboard/d[] WITH (23.0,) AT 2022-05-23T14:32:52.993811 AS DOUBLE_ARRAY
UPDATE /SmartDashboard/s[] WITH ('5ANIWYDTZYK5DA2ZRDEHUSOZZY2T8J50DCTJXEUPAQNRQM2XSHX28NOE1LQA9N7I',) AT 2022-05-23T14:32:52.993835 AS STRING_ARRAY
UPDATE /SmartDashboard/b WITH True AT 2022-05-23T14:32:54.006499 AS BOOLEAN
UPDATE /SmartDashboard/d WITH 16.0 AT 2022-05-23T14:32:54.006524 AS DOUBLE
UPDATE /SmartDashboard/s WITH 2 AT 2022-05-23T14:32:54.006535 AS STRING
UPDATE /SmartDashboard/r WITH b"\x05\xc8\xbd\xc4=\x9djM\tpQ\xabj`Zg\x932F\xb8\xcb\xf1\xbb\x97\xad\x80I'\xbb$CS" AT 2022-05-23T14:32:54.006546 AS RAW
UPDATE /SmartDashboard/d[] WITH (22.0,) AT 2022-05-23T14:32:54.006558 AS DOUBLE_ARRAY
UPDATE /SmartDashboard/s[] WITH ('G9A5U2ZWOF2PGXX20O3052GRXXVMQHV90827BGPCBCPZQMMBF9XLSC700A0YLJWP',) AT 2022-05-23T14:32:54.006568 AS STRING_ARRAY
UPDATE /SmartDashboard/b WITH False AT 2022-05-23T14:32:55.019845 AS BOOLEAN
UPDATE /SmartDashboard/d WITH 17.0 AT 2022-05-23T14:32:55.019879 AS DOUBLE
UPDATE /SmartDashboard/s WITH 2 AT 2022-05-23T14:32:55.019897 AS STRING
UPDATE /SmartDashboard/r WITH b"\xf86r\xa3\xed\xb8\x0c\x9b\xb1\xa1\xf2\xcbtzu\x9cg'\x1e\xeb_\x95\xbct\xc4F\xc2}\xc5\xc2O[" AT 2022-05-23T14:32:55.019913 AS RAW
UPDATE /SmartDashboard/b[] WITH (False,) AT 2022-05-23T14:32:55.019930 AS BOOLEAN_ARRAY
UPDATE /SmartDashboard/d[] WITH (14.0,) AT 2022-05-23T14:32:55.019945 AS DOUBLE_ARRAY
UPDATE /SmartDashboard/s[] WITH ('HR5EGDDW5ISA7EYUJQL39ECEUIHAG67S3UVJ2M5EB8MBSFOV8JOVD8Q2OBI22SEW',) AT 2022-05-23T14:32:55.019960 AS STRING_ARRAY
UPDATE /SmartDashboard/b WITH True AT 2022-05-23T14:32:56.037961 AS BOOLEAN
UPDATE /SmartDashboard/d WITH 18.0 AT 2022-05-23T14:32:56.037988 AS DOUBLE
UPDATE /SmartDashboard/s WITH 2 AT 2022-05-23T14:32:56.038002 AS STRING
UPDATE /SmartDashboard/r WITH b'\xef3\xe3\xbfxl\xb3\xc3qL\x9b\xb5D\xf9j1\xb7\xee&\xe7)\xc6\x89\xfb\xf6#\xe4\xe6Hg\xaa\x90' AT 2022-05-23T14:32:56.038015 AS RAW
UPDATE /SmartDashboard/d[] WITH (20.0,) AT 2022-05-23T14:32:56.038029 AS DOUBLE_ARRAY
UPDATE /SmartDashboard/s[] WITH ('A1KA3GWMRC8AAGUEA7PPOKSGV1QPQH2OJ3EOWD6M72D8VLNDMH43WOPDHDV5TOBJ',) AT 2022-05-23T14:32:56.038042 AS STRING_ARRAY
UPDATE /SmartDashboard/b WITH False AT 2022-05-23T14:32:57.046655 AS BOOLEAN
UPDATE /SmartDashboard/d WITH 19.0 AT 2022-05-23T14:32:57.046691 AS DOUBLE
UPDATE /SmartDashboard/s WITH 2 AT 2022-05-23T14:32:57.046710 AS STRING
UPDATE /SmartDashboard/r WITH b'\x93\xa9:\r\x0e\xeaM\x12\xc7X\xc6\x15u\xa6\x8e\x90\x0bDd\xf0!\xc9\x13\x91F\xb1|\x91\x8b\x7f\xda\xcc' AT 2022-05-23T14:32:57.046727 AS RAW
UPDATE /SmartDashboard/d[] WITH (23.0,) AT 2022-05-23T14:32:57.046745 AS DOUBLE_ARRAY
UPDATE /SmartDashboard/s[] WITH ('4FSQ390LJPOPQ2Z3PNHY3TSLC80S1X2GB7U8N1QUFZ7UUT479GI0Z8TXI5X891XL',) AT 2022-05-23T14:32:57.046761 AS STRING_ARRAY
UPDATE /SmartDashboard/b WITH True AT 2022-05-23T14:32:58.006307 AS BOOLEAN
UPDATE /SmartDashboard/d WITH 20.0 AT 2022-05-23T14:32:58.006342 AS DOUBLE
UPDATE /SmartDashboard/s WITH 2 AT 2022-05-23T14:32:58.006359 AS STRING
UPDATE /SmartDashboard/r WITH b'{\xcc\xb5\x9e\xe0\xa5\xb6L\xb3\x9d\xaac\x81N\xe1\x1b\x8d\xb7\xb6\t\xe8U\xf8\xe2v\x82?#M\x14\x16\xb1' AT 2022-05-23T14:32:58.006376 AS RAW
UPDATE /SmartDashboard/b[] WITH (True,) AT 2022-05-23T14:32:58.006392 AS BOOLEAN_ARRAY
UPDATE /SmartDashboard/d[] WITH (2.0,) AT 2022-05-23T14:32:58.006408 AS DOUBLE_ARRAY
UPDATE /SmartDashboard/s[] WITH ('RCV20IJZG4YE00ZGG931EZJVU375ME5DWEFIHDOZZJL5THHTK0AA1IMYO19LDCFC',) AT 2022-05-23T14:32:58.006423 AS STRING_ARRAY
UPDATE /SmartDashboard/b WITH False AT 2022-05-23T14:32:59.019987 AS BOOLEAN
UPDATE /SmartDashboard/d WITH 21.0 AT 2022-05-23T14:32:59.020011 AS DOUBLE
UPDATE /SmartDashboard/s WITH 2 AT 2022-05-23T14:32:59.020022 AS STRING
UPDATE /SmartDashboard/r WITH b'\xb7y\xf2*<\xe4K\x0bd\xa2\xc9\xf5\xd4\x8bo\xa5q\xc6\xf4\xdf\xe5\xa9\x18=\xf9\xc7\xf2\xbd\xec\xed\x7f\xce' AT 2022-05-23T14:32:59.020033 AS RAW
UPDATE /SmartDashboard/b[] WITH (False,) AT 2022-05-23T14:32:59.020044 AS BOOLEAN_ARRAY
UPDATE /SmartDashboard/s[] WITH ('PDIDX2HD50SC2YKED7M0ZU63M57WEDPEC2DQQEPX7OBBUGQ5PP8BJ46E7F2VK5JP',) AT 2022-05-23T14:32:59.020054 AS STRING_ARRAY
UPDATE /SmartDashboard/b WITH True AT 2022-05-23T14:33:00.029832 AS BOOLEAN
UPDATE /SmartDashboard/d WITH 22.0 AT 2022-05-23T14:33:00.029855 AS DOUBLE
UPDATE /SmartDashboard/s WITH 2 AT 2022-05-23T14:33:00.029867 AS STRING
UPDATE /SmartDashboard/r WITH b'\x8d<\xb7\xdc \x08\x9d\xf87\x03]\xfe\xaf\xc6?C\x80\xec\x99/?o\x0f\xf6\x7fK\x15\x92mW[\xc4' AT 2022-05-23T14:33:00.029878 AS RAW
UPDATE /SmartDashboard/b[] WITH (True,) AT 2022-05-23T14:33:00.029889 AS BOOLEAN_ARRAY
UPDATE /SmartDashboard/d[] WITH (7.0,) AT 2022-05-23T14:33:00.029899 AS DOUBLE_ARRAY
UPDATE /SmartDashboard/s[] WITH ('CZQ4VU4PI0Q1BY7RP4U0R2VZ8YXAB7CASLV2JII75KD2W5J6WO7JZBPY4772GELC',) AT 2022-05-23T14:33:00.029909 AS STRING_ARRAY
UPDATE /SmartDashboard/b WITH False AT 2022-05-23T14:33:01.048140 AS BOOLEAN
UPDATE /SmartDashboard/d WITH 23.0 AT 2022-05-23T14:33:01.048168 AS DOUBLE
UPDATE /SmartDashboard/s WITH 2 AT 2022-05-23T14:33:01.048182 AS STRING
UPDATE /SmartDashboard/r WITH b' \x16\xc3\xe1\xdai\x02\xc3e\x7fk\x01N\xe4\x83\x83Q\xf5!\xd1SlcF\r\xca\r7o\xebc\xf3' AT 2022-05-23T14:33:01.048195 AS RAW
UPDATE /SmartDashboard/d[] WITH (4.0,) AT 2022-05-23T14:33:01.048210 AS DOUBLE_ARRAY
UPDATE /SmartDashboard/s[] WITH ('AW7S4KV9TO49BDULHD16SE5TPSGQX1UYC0GPTH2F7XDT69YDNP5XDK8GTU7KLAUS',) AT 2022-05-23T14:33:01.048223 AS STRING_ARRAY
UPDATE /SmartDashboard/b WITH True AT 2022-05-23T14:33:02.071247 AS BOOLEAN
UPDATE /SmartDashboard/d WITH 24.0 AT 2022-05-23T14:33:02.071281 AS DOUBLE
UPDATE /SmartDashboard/s WITH 2 AT 2022-05-23T14:33:02.071299 AS STRING
UPDATE /SmartDashboard/r WITH b'Kp#\xd1}\xc1eQ\x1d\n\xc5\x99\x83\x16\x86\xa6\xb6g0@I\x84\xb6b>R[\xac\xb9\xdf\xa9\xf8' AT 2022-05-23T14:33:02.071315 AS RAW
UPDATE /SmartDashboard/b[] WITH (False,) AT 2022-05-23T14:33:02.071332 AS BOOLEAN_ARRAY
UPDATE /SmartDashboard/d[] WITH (7.0,) AT 2022-05-23T14:33:02.071348 AS DOUBLE_ARRAY
UPDATE /SmartDashboard/s[] WITH ('BDLPC98CWQIGDVM367BYTOH6FWWZBY2LHSZKF69QS0F28TB5S5LSY7WITJD8CXOO',) AT 2022-05-23T14:33:02.071363 AS STRING_ARRAY
UPDATE /SmartDashboard/b WITH False AT 2022-05-23T14:33:03.032767 AS BOOLEAN
UPDATE /SmartDashboard/d WITH 25.0 AT 2022-05-23T14:33:03.032818 AS DOUBLE
UPDATE /SmartDashboard/s WITH 2 AT 2022-05-23T14:33:03.032845 AS STRING
UPDATE /SmartDashboard/r WITH b'\x15\x07\x05oP\xd6P\x98\xb1\x80x\xdc\xc7u\xcd\xc3z\x14\x91$,\x0f\x1b\xc86\xfbx\x89\x9dt\xe4\x82' AT 2022-05-23T14:33:03.032870 AS RAW
UPDATE /SmartDashboard/b[] WITH (True,) AT 2022-05-23T14:33:03.032896 AS BOOLEAN_ARRAY
UPDATE /SmartDashboard/d[] WITH (9.0,) AT 2022-05-23T14:33:03.032919 AS DOUBLE_ARRAY
UPDATE /SmartDashboard/s[] WITH ('6T4CTL180YWL1N33JZEOAE67OIIY7V284LXC0NQTWEZSS0AHT2Q2RD182M93GAUD',) AT 2022-05-23T14:33:03.032943 AS STRING_ARRAY
UPDATE /SmartDashboard/b WITH True AT 2022-05-23T14:33:04.047542 AS BOOLEAN
UPDATE /SmartDashboard/d WITH 26.0 AT 2022-05-23T14:33:04.047591 AS DOUBLE
UPDATE /SmartDashboard/s WITH 2 AT 2022-05-23T14:33:04.047616 AS STRING
UPDATE /SmartDashboard/r WITH b'"\x10\\#\xeb\x81\xbd/\xcd0N\x11Bl+\xb5\xb8\xc3\x15"\x83\xa5\xdf\xcd\xb5d\xb7\x05nZ\xcd~' AT 2022-05-23T14:33:04.047640 AS RAW
UPDATE /SmartDashboard/d[] WITH (27.0,) AT 2022-05-23T14:33:04.047665 AS DOUBLE_ARRAY
UPDATE /SmartDashboard/s[] WITH ('FC04P6867F7KQLG7S1FT1BO6AWSTZBXR2DAZQ3MPRPJBOH9FKLIQ4V1OHKLFLQCB',) AT 2022-05-23T14:33:04.047689 AS STRING_ARRAY
UPDATE /SmartDashboard/b WITH False AT 2022-05-23T14:33:05.060262 AS BOOLEAN
UPDATE /SmartDashboard/d WITH 27.0 AT 2022-05-23T14:33:05.060317 AS DOUBLE
UPDATE /SmartDashboard/s WITH 2 AT 2022-05-23T14:33:05.060345 AS STRING
UPDATE /SmartDashboard/r WITH b"%\xd9\x83\xe27V\x9dww\x93\xea\xfd\xad`\x85\x1f\r\xac\xf8\xb9\xea'\xe9\x07)d\x1b\xa7JH7\x07" AT 2022-05-23T14:33:05.060372 AS RAW
UPDATE /SmartDashboard/b[] WITH (False,) AT 2022-05-23T14:33:05.060397 AS BOOLEAN_ARRAY
UPDATE /SmartDashboard/d[] WITH (24.0,) AT 2022-05-23T14:33:05.060422 AS DOUBLE_ARRAY
UPDATE /SmartDashboard/s[] WITH ('W80WMZ47A7O90T7UEJ1Z2WHA8Q4RQB3AKOZJ704EB91NCY1BAKNF5EA472ODJFZU',) AT 2022-05-23T14:33:05.060454 AS STRING_ARRAY
UPDATE /SmartDashboard/b WITH True AT 2022-05-23T14:33:06.080809 AS BOOLEAN
UPDATE /SmartDashboard/d WITH 28.0 AT 2022-05-23T14:33:06.080845 AS DOUBLE
UPDATE /SmartDashboard/s WITH 2 AT 2022-05-23T14:33:06.080863 AS STRING
UPDATE /SmartDashboard/r WITH b'\xdb\xfe\xefB\xcf\xb2\x83\xed\xd0\xb7\xaf\x06p\xdf\xc8\x97\xd7\x93aZ\x10\xbe\x89\x9b_\x9a \xa7\xa5\x03\t.' AT 2022-05-23T14:33:06.080907 AS RAW
UPDATE /SmartDashboard/b[] WITH (True,) AT 2022-05-23T14:33:06.080927 AS BOOLEAN_ARRAY
UPDATE /SmartDashboard/s[] WITH ('5X8E0SE4ONQC7C639SBASZDZIF23O8I55ZDO4196O8T9GADKPO0CIVZPRORSM97G',) AT 2022-05-23T14:33:06.080944 AS STRING_ARRAY
UPDATE /SmartDashboard/b WITH False AT 2022-05-23T14:33:07.094648 AS BOOLEAN
UPDATE /SmartDashboard/d WITH 29.0 AT 2022-05-23T14:33:07.094683 AS DOUBLE
UPDATE /SmartDashboard/s WITH 2 AT 2022-05-23T14:33:07.094700 AS STRING
UPDATE /SmartDashboard/r WITH b']8SGg\xbbD\xcb\xc5\xdb\xc0]\xe0\xbc<>\xb0\x93\x8cv\x85\x13\t\x1c"\xb65\xd8^JM\xbc' AT 2022-05-23T14:33:07.094717 AS RAW
UPDATE /SmartDashboard/b[] WITH (False,) AT 2022-05-23T14:33:07.094733 AS BOOLEAN_ARRAY
UPDATE /SmartDashboard/d[] WITH (28.0,) AT 2022-05-23T14:33:07.094748 AS DOUBLE_ARRAY
UPDATE /SmartDashboard/s[] WITH ('VGNEX5CLFWCZIDFR4HSUKF17IDUAHLUQVOJ8YVXNSK5SNR31VHOKWPJPDGO5BORU',) AT 2022-05-23T14:33:07.094763 AS STRING_ARRAY
UPDATE /SmartDashboard/b WITH True AT 2022-05-23T14:33:08.054027 AS BOOLEAN
UPDATE /SmartDashboard/d WITH 30.0 AT 2022-05-23T14:33:08.054051 AS DOUBLE
UPDATE /SmartDashboard/s WITH 2 AT 2022-05-23T14:33:08.054063 AS STRING
UPDATE /SmartDashboard/r WITH b'\xfc\x08\xa7\x85"..\xc1o\x00\t\x83\x04\xb8\xa1\xf4`\x10\xb3f\x15\xa1\xb8\x05\xb09\xd1r\xe9\xa8k\xa8' AT 2022-05-23T14:33:08.054074 AS RAW
UPDATE /SmartDashboard/b[] WITH (True,) AT 2022-05-23T14:33:08.054085 AS BOOLEAN_ARRAY
UPDATE /SmartDashboard/d[] WITH (27.0,) AT 2022-05-23T14:33:08.054096 AS DOUBLE_ARRAY
UPDATE /SmartDashboard/s[] WITH ('KLS3XRMHGCAQTTC6W8TAF1P8ZD5ROFJPLN7D21AQNPJ87V0S6T2C3ZJRHXW0FJAQ',) AT 2022-05-23T14:33:08.054106 AS STRING_ARRAY
UPDATE /SmartDashboard/b WITH False AT 2022-05-23T14:33:09.062382 AS BOOLEAN
UPDATE /SmartDashboard/d WITH 31.0 AT 2022-05-23T14:33:09.062417 AS DOUBLE
UPDATE /SmartDashboard/s WITH 2 AT 2022-05-23T14:33:09.062437 AS STRING
UPDATE /SmartDashboard/r WITH b'~\x82\xc1\x88b\x9eJ@\x0f\xa70\xba\x1fv\xa7\xb7{\xf0\x9d\xe77\xad\x99_3m\xba\x10\xfc\x88t\xf7' AT 2022-05-23T14:33:09.062450 AS RAW
UPDATE /SmartDashboard/d[] WITH (0.0,) AT 2022-05-23T14:33:09.062461 AS DOUBLE_ARRAY
UPDATE /SmartDashboard/s[] WITH ('J33TCPT46S5U5H8DI0FHG7IR6IKEADXPAITEIOJ8CXXOGZRXV3XZWL57NWTYIOX0',) AT 2022-05-23T14:33:09.062471 AS STRING_ARRAY
UPDATE /SmartDashboard/b WITH True AT 2022-05-23T14:33:10.073055 AS BOOLEAN
UPDATE /SmartDashboard/d WITH 32.0 AT 2022-05-23T14:33:10.073079 AS DOUBLE
UPDATE /SmartDashboard/s WITH 2 AT 2022-05-23T14:33:10.073090 AS STRING
UPDATE /SmartDashboard/r WITH b'\x0b\x89z?`%(\x06\xc6\x85\xd2P~d\x16\x8b\xf7\xc5{\xd0\xfd\xa1\xf2\xac,PU\xa8\x9f~\x98\x16' AT 2022-05-23T14:33:10.073101 AS RAW
UPDATE /SmartDashboard/b[] WITH (False,) AT 2022-05-23T14:33:10.073111 AS BOOLEAN_ARRAY
UPDATE /SmartDashboard/d[] WITH (26.0,) AT 2022-05-23T14:33:10.073121 AS DOUBLE_ARRAY
UPDATE /SmartDashboard/s[] WITH ('DUDZ7U7WECV3GCW0HCVUTB8B0CBEA6X5ZD4UOV5ZKF3BEMIHAIWRAO2MZBPLUQQ4',) AT 2022-05-23T14:33:10.073131 AS STRING_ARRAY
